102
0
剑麻
Grasses\做好的花\剑麻.mox
0
1
向日葵01
Grasses\做好的花\向日葵01.mox
0
2
向日葵02
Grasses\做好的花\向日葵02.mox
0
3
小黄花01
Grasses\做好的花\小黄花01.mox
0
4
小黄花02
Grasses\做好的花\小黄花02.mox
0
5
小黄花03
Grasses\做好的花\小黄花03.mox
0
6
小黄花04
Grasses\做好的花\小黄花04.mox
0
7
小黄花05
Grasses\做好的花\小黄花05.mox
0
8
狗尾草
Grasses\做好的花\狗尾草.mox
0
9
睡莲01
Grasses\做好的花\睡莲01.mox
0
10
粉康萘薪01
Grasses\做好的花\粉康萘薪01.mox
0
11
粉康萘薪02
Grasses\做好的花\粉康萘薪02.mox
0
12
紫铅牛
Grasses\做好的花\紫铅牛.mox
0
13
红花
Grasses\做好的花\红花.mox
0
14
芦苇
Grasses\做好的花\芦苇.mox
0
15
芦苇02
Grasses\做好的花\芦苇02.mox
0
16
芦苇03
Grasses\做好的花\芦苇03.mox
0
17
荷叶01
Grasses\做好的花\荷叶01.mox
0
18
陆地03
Grasses\做好的花\陆地03.mox
0
19
陆地04
Grasses\做好的花\陆地04.mox
0
20
灰绿草01
Grasses\做好的草\灰绿草01.mox
0
21
灰绿草02
Grasses\做好的草\灰绿草02.mox
0
22
灰绿草03
Grasses\做好的草\灰绿草03.mox
0
23
灰绿草04
Grasses\做好的草\灰绿草04.mox
0
24
灰绿草05
Grasses\做好的草\灰绿草05.mox
0
25
灰绿草06
Grasses\做好的草\灰绿草06.mox
0
26
绿草01
Grasses\做好的草\绿草01.mox
0
27
绿草02
Grasses\做好的草\绿草02.mox
0
28
绿草03
Grasses\做好的草\绿草03.mox
0
29
绿草04
Grasses\做好的草\绿草04.mox
0
30
绿草05
Grasses\做好的草\绿草05.mox
0
31
绿草07
Grasses\做好的草\绿草07.mox
0
32
绿草08
Grasses\做好的草\绿草08.mox
0
33
绿草09
Grasses\做好的草\绿草09.mox
0
34
花草
Grasses\做好的草\花草.mox
0
35
黄绿草01
Grasses\做好的草\黄绿草01.mox
0
36
黄绿草02
Grasses\做好的草\黄绿草02.mox
0
37
黄绿草03
Grasses\做好的草\黄绿草03.mox
0
38
黄草01
Grasses\做好的草\黄草01.mox
0
39
黄草02
Grasses\做好的草\黄草02.mox
0
40
黄草03
Grasses\做好的草\黄草03.mox
0
41
黄草04
Grasses\做好的草\黄草04.mox
0
42
黄草05
Grasses\做好的草\黄草05.mox
0
43
01
Grasses\小草\01.mox
0
44
02
Grasses\小草\02.mox
0
45
hong
Grasses\小草\hong.mox
0
46
huang
Grasses\小草\huang.mox
0
47
xiaohua
Grasses\小草\xiaohua.mox
0
48
xincao
Grasses\小草\xincao.mox
0
49
剑麻
Grasses\新花草\剑麻.mox
0
50
千层红
Grasses\新花草\千层红.mox
0
51
向日葵01
Grasses\新花草\向日葵01.mox
0
52
向日葵02
Grasses\新花草\向日葵02.mox
0
53
大朵黄花
Grasses\新花草\大朵黄花.mox
0
54
大朵黄花02
Grasses\新花草\大朵黄花02.mox
0
55
小碎黄花01
Grasses\新花草\小碎黄花01.mox
0
56
小碎黄花02
Grasses\新花草\小碎黄花02.mox
0
57
小碎黄花03
Grasses\新花草\小碎黄花03.mox
0
58
小黄花01
Grasses\新花草\小黄花01.mox
0
59
小黄花02
Grasses\新花草\小黄花02.mox
0
60
康奈薪
Grasses\新花草\康奈薪.mox
0
61
康奈薪02
Grasses\新花草\康奈薪02.mox
0
62
桃金娘
Grasses\新花草\桃金娘.mox
0
63
狭叶番
Grasses\新花草\狭叶番.mox
0
64
玉米
Grasses\新花草\玉米.mox
0
65
紫色小花
Grasses\新花草\紫色小花.mox
0
66
芦苇
Grasses\新花草\芦苇.mox
0
67
芦苇02
Grasses\新花草\芦苇02.mox
0
68
芦苇03
Grasses\新花草\芦苇03.mox
0
69
芦苇花
Grasses\新花草\芦苇花.mox
0
70
花腾
Grasses\新花草\花腾.mox
0
71
蝴蝶花
Grasses\新花草\蝴蝶花.mox
0
72
麦子
Grasses\新花草\麦子.mox
0
73
灌木01
Grasses\蕨类、灌木\灌木01.mox
0
74
灌木02
Grasses\蕨类、灌木\灌木02.mox
0
75
灌木03
Grasses\蕨类、灌木\灌木03.mox
0
76
灌木04
Grasses\蕨类、灌木\灌木04.mox
0
77
灌木05
Grasses\蕨类、灌木\灌木05.mox
0
78
灌木06
Grasses\蕨类、灌木\灌木06.mox
0
79
灌木07
Grasses\蕨类、灌木\灌木07.mox
0
80
灌木球
Grasses\蕨类、灌木\灌木球.mox
0
81
狗尾球
Grasses\蕨类、灌木\狗尾球.mox
0
82
草藤01
Grasses\蕨类、灌木\草藤01.mox
0
83
草藤02
Grasses\蕨类、灌木\草藤02.mox
0
84
草藤03
Grasses\蕨类、灌木\草藤03.mox
0
85
草藤04
Grasses\蕨类、灌木\草藤04.mox
0
86
草藤05
Grasses\蕨类、灌木\草藤05.mox
0
87
蕨类01
Grasses\蕨类、灌木\蕨类01.mox
0
88
高灌木01
Grasses\蕨类、灌木\高灌木01.mox
0
89
高灌木02
Grasses\蕨类、灌木\高灌木02.mox
0
90
高灌木03
Grasses\蕨类、灌木\高灌木03.mox
0
91
高灌木04
Grasses\蕨类、灌木\高灌木04.mox
0
92
高灌木05
Grasses\蕨类、灌木\高灌木05.mox
0
93
黄叶
Grasses\蕨类、灌木\黄叶.mox
0
94
黄绿灌木
Grasses\蕨类、灌木\黄绿灌木.mox
0
95
01
Grasses\雪草\01.mox
0
96
02
Grasses\雪草\02.mox
0
97
03
Grasses\雪草\03.mox
0
98
04
Grasses\雪草\04.mox
0
99
05
Grasses\雪草\05.mox
0
100
06
Grasses\雪草\06.mox
0
101
07
Grasses\雪草\07.mox
0
