102
0
紫檀木圆脚橱
Models\Home\物品\紫檀木圆脚橱\紫檀木圆脚橱.mox
Models\Home\物品\紫檀木圆脚橱\紫檀木圆脚橱.chf
家具
0
1
紫檀方角小四件炕柜
Models\Home\物品\紫檀方角小四件炕柜\紫檀方角小四件炕柜.mox
Models\Home\物品\紫檀方角小四件炕柜\紫檀方角小四件炕柜.chf
家具
0
2
床简陋一级
Models\Home\物品\床简陋一级\床简陋一级.mox
Models\Home\物品\床简陋一级\床简陋一级.chf
家具
0
3
浮字画
Models\Home\物品\浮字画\浮字画.mox
Models\Home\物品\浮字画\浮字画.chf
家具
0
4
柜立柜
Models\Home\物品\柜立柜\柜立柜.mox
Models\Home\物品\柜立柜\柜立柜.chf
家具
0
5
坛小酒坛
Models\Home\物品\坛小酒坛\坛小酒坛.mox
Models\Home\物品\坛小酒坛\坛小酒坛.chf
家具
0
6
椅太师
Models\Home\物品\椅太师\椅太师.mox
Models\Home\物品\椅太师\椅太师.chf
家具
0
7
桌八仙
Models\Home\物品\桌八仙\桌八仙.mox
Models\Home\物品\桌八仙\桌八仙.chf
家具
0
8
桌低面楼花
Models\Home\物品\桌低面楼花\桌低面楼花.mox
Models\Home\物品\桌低面楼花\桌低面楼花.chf
家具
0
9
柜三面雕花
Models\Home\物品\柜三面雕花\柜三面雕花.mox
Models\Home\物品\柜三面雕花\柜三面雕花.chf
家具
0
10
柜架书多屉
Models\Home\物品\柜架书多屉\柜架书多屉.mox
Models\Home\物品\柜架书多屉\柜架书多屉.chf
家具
0
11
椅四方红木镂花
Models\Home\物品\椅四方红木镂花\椅四方红木镂花.mox
Models\Home\物品\椅四方红木镂花\椅四方红木镂花.chf
家具
0
12
椅桂花鸡翅
Models\Home\物品\椅桂花鸡翅\椅桂花鸡翅.mox
Models\Home\物品\椅桂花鸡翅\椅桂花鸡翅.chf
家具
0
13
床罗汉
Models\Home\物品\床罗汉\床罗汉.mox
Models\Home\物品\床罗汉\床罗汉.chf
家具
0
14
桌矮木螺纹
Models\Home\物品\桌矮木螺纹\桌矮木螺纹.mox
Models\Home\物品\桌矮木螺纹\桌矮木螺纹.chf
家具
0
15
柜上下镂空
Models\Home\物品\柜上下镂空\柜上下镂空.mox
Models\Home\物品\柜上下镂空\柜上下镂空.chf
家具
0
16
柜梳妆台镂空
Models\Home\物品\柜梳妆台镂空\柜梳妆台镂空.mox
Models\Home\物品\柜梳妆台镂空\柜梳妆台镂空.chf
家具
0
17
柜双开红木
Models\Home\物品\柜双开红木\柜双开红木.mox
Models\Home\物品\柜双开红木\柜双开红木.chf
家具
0
18
椅太爷双人
Models\Home\物品\椅太爷双人\椅太爷双人.mox
Models\Home\物品\椅太爷双人\椅太爷双人.chf
家具
0
19
物浴桶桃木
Models\Home\物品\物浴桶桃木\物浴桶桃木.mox
Models\Home\物品\物浴桶桃木\物浴桶桃木.chf
家具
0
20
桌无脚
Models\Home\物品\桌无脚\桌无脚.mox
Models\Home\物品\桌无脚\桌无脚.chf
家具
0
21
椅仿藤式墩
Models\Home\物品\椅仿藤式墩\椅仿藤式墩.mox
Models\Home\物品\椅仿藤式墩\椅仿藤式墩.chf
家具
0
22
椅躺椅黄花梨
Models\Home\物品\椅躺椅黄花梨\椅躺椅黄花梨.mox
Models\Home\物品\椅躺椅黄花梨\椅躺椅黄花梨.chf
家具
0
23
椅榉木夹头榫小条凳
Models\Home\物品\椅榉木夹头榫小条凳\椅榉木夹头榫小条凳.mox
Models\Home\物品\椅榉木夹头榫小条凳\椅榉木夹头榫小条凳.chf
家具
0
24
椅靠背矮笔梗
Models\Home\物品\椅靠背矮笔梗\椅靠背矮笔梗.mox
Models\Home\物品\椅靠背矮笔梗\椅靠背矮笔梗.chf
家具
0
25
椅靠背笔梗
Models\Home\物品\椅靠背笔梗\椅靠背笔梗.mox
Models\Home\物品\椅靠背笔梗\椅靠背笔梗.chf
家具
0
26
椅方凳十字档
Models\Home\物品\椅方凳十字档\椅方凳十字档.mox
Models\Home\物品\椅方凳十字档\椅方凳十字档.chf
家具
0
27
椅镶瓷板靠背椅
Models\Home\物品\椅镶瓷板靠背椅\椅镶瓷板靠背椅.mox
Models\Home\物品\椅镶瓷板靠背椅\椅镶瓷板靠背椅.chf
家具
0
28
椅小交杌
Models\Home\物品\椅小交杌\椅小交杌.mox
Models\Home\物品\椅小交杌\椅小交杌.chf
家具
0
29
椅柞木枕凳
Models\Home\物品\椅柞木枕凳\椅柞木枕凳.mox
Models\Home\物品\椅柞木枕凳\椅柞木枕凳.chf
家具
0
30
床中式镂花
Models\Home\物品\床中式镂花\床中式镂花.mox
Models\Home\物品\床中式镂花\床中式镂花.chf
家具
0
31
包边彩绘宽脚柜
Models\Home\物品\包边彩绘宽脚柜\包边彩绘宽脚柜.mox
Models\Home\物品\包边彩绘宽脚柜\包边彩绘宽脚柜.chf
家具
0
32
雕花案
Models\Home\物品\雕花案\雕花案.mox
Models\Home\物品\雕花案\雕花案.chf
家具
0
33
桂圆木小圆角柜
Models\Home\物品\桂圆木小圆角柜\桂圆木小圆角柜.mox
Models\Home\物品\桂圆木小圆角柜\桂圆木小圆角柜.chf
家具
0
34
红木双层高脚柜
Models\Home\物品\红木双层高脚柜\红木双层高脚柜.mox
Models\Home\物品\红木双层高脚柜\红木双层高脚柜.chf
家具
0
35
红木双层双门书橱
Models\Home\物品\红木双层双门书橱\红木双层双门书橱.mox
Models\Home\物品\红木双层双门书橱\红木双层双门书橱.chf
家具
0
36
红木小储藏柜
Models\Home\物品\红木小储藏柜\红木小储藏柜.mox
Models\Home\物品\红木小储藏柜\红木小储藏柜.chf
家具
0
37
黄花梨长条矮脚柜
Models\Home\物品\黄花梨长条矮脚柜\黄花梨长条矮脚柜.mox
Models\Home\物品\黄花梨长条矮脚柜\黄花梨长条矮脚柜.chf
家具
0
38
黄花梨龙纹联二橱
Models\Home\物品\黄花梨龙纹联二橱\黄花梨龙纹联二橱.mox
Models\Home\物品\黄花梨龙纹联二橱\黄花梨龙纹联二橱.chf
家具
0
39
黄花梨双格橱
Models\Home\物品\黄花梨双格橱\黄花梨双格橱.mox
Models\Home\物品\黄花梨双格橱\黄花梨双格橱.chf
家具
0
40
黄花梨双开门柜
Models\Home\物品\黄花梨双开门柜\黄花梨双开门柜.mox
Models\Home\物品\黄花梨双开门柜\黄花梨双开门柜.chf
家具
0
41
黄花梨万历柜
Models\Home\物品\黄花梨万历柜\黄花梨万历柜.mox
Models\Home\物品\黄花梨万历柜\黄花梨万历柜.chf
家具
0
42
黄梨木多格柜
Models\Home\物品\黄梨木多格柜\黄梨木多格柜.mox
Models\Home\物品\黄梨木多格柜\黄梨木多格柜.chf
家具
0
43
黄木多格柜
Models\Home\物品\黄木多格柜\黄木多格柜.mox
Models\Home\物品\黄木多格柜\黄木多格柜.chf
家具
0
44
黄木立柜
Models\Home\物品\黄木立柜\黄木立柜.mox
Models\Home\物品\黄木立柜\黄木立柜.chf
家具
0
45
黄木双门小柜
Models\Home\物品\黄木双门小柜\黄木双门小柜.mox
Models\Home\物品\黄木双门小柜\黄木双门小柜.chf
家具
0
46
榉木雕花双层立柜
Models\Home\物品\榉木雕花双层立柜\榉木雕花双层立柜.mox
Models\Home\物品\榉木雕花双层立柜\榉木雕花双层立柜.chf
家具
0
47
民间迎门柜
Models\Home\物品\民间迎门柜\民间迎门柜.mox
Models\Home\物品\民间迎门柜\民间迎门柜.chf
家具
0
48
椅木胎朱漆交
Models\Home\物品\椅木胎朱漆交\椅木胎朱漆交.mox
Models\Home\物品\椅木胎朱漆交\椅木胎朱漆交.chf
家具
0
49
楠木大立柜
Models\Home\物品\楠木大立柜\楠木大立柜.mox
Models\Home\物品\楠木大立柜\楠木大立柜.chf
家具
0
50
双门矮柜
Models\Home\物品\双门矮柜\双门矮柜.mox
Models\Home\物品\双门矮柜\双门矮柜.chf
家具
0
51
乌木迎门柜
Models\Home\物品\乌木迎门柜\乌木迎门柜.mox
Models\Home\物品\乌木迎门柜\乌木迎门柜.chf
家具
0
52
硬木包铁边立柜
Models\Home\物品\硬木包铁边立柜\硬木包铁边立柜.mox
Models\Home\物品\硬木包铁边立柜\硬木包铁边立柜.chf
家具
0
53
朱漆彩绘雕花矮角柜
Models\Home\物品\朱漆彩绘雕花矮角柜\朱漆彩绘雕花矮角柜.mox
Models\Home\物品\朱漆彩绘雕花矮角柜\朱漆彩绘雕花矮角柜.chf
家具
0
54
红木长书桌
Models\Home\物品\红木长书桌\红木长书桌.mox
Models\Home\物品\红木长书桌\红木长书桌.chf
家具
0
55
红木攉脚花牙方凳
Models\Home\物品\红木攉脚花牙方凳\红木攉脚花牙方凳.mox
Models\Home\物品\红木攉脚花牙方凳\红木攉脚花牙方凳.chf
家具
0
56
红木桥梁档文椅
Models\Home\物品\红木桥梁档文椅\红木桥梁档文椅.mox
Models\Home\物品\红木桥梁档文椅\红木桥梁档文椅.chf
家具
0
57
红木镶云石高背文椅
Models\Home\物品\红木镶云石高背文椅\红木镶云石高背文椅.mox
Models\Home\物品\红木镶云石高背文椅\红木镶云石高背文椅.chf
家具
0
58
黄花梨八足圆凳
Models\Home\物品\黄花梨八足圆凳\黄花梨八足圆凳.mox
Models\Home\物品\黄花梨八足圆凳\黄花梨八足圆凳.chf
家具
0
59
鸡翅木无联帮棍四出头扶手椅
Models\Home\物品\鸡翅木无联帮棍四出头扶手椅\鸡翅木无联帮棍四出头扶手椅.mox
Models\Home\物品\鸡翅木无联帮棍四出头扶手椅\鸡翅木无联帮棍四出头扶手椅.chf
家具
0
60
鸡翅木云钩扶手搭脑太师椅
Models\Home\物品\鸡翅木云钩扶手搭脑太师椅\鸡翅木云钩扶手搭脑太师椅.mox
Models\Home\物品\鸡翅木云钩扶手搭脑太师椅\鸡翅木云钩扶手搭脑太师椅.chf
家具
0
61
榉木平直牙条玫瑰
Models\Home\物品\榉木平直牙条玫瑰\榉木平直牙条玫瑰.mox
Models\Home\物品\榉木平直牙条玫瑰\榉木平直牙条玫瑰.chf
家具
0
62
木胎黑漆直后背双人交椅
Models\Home\物品\木胎黑漆直后背双人交椅\木胎黑漆直后背双人交椅.mox
Models\Home\物品\木胎黑漆直后背双人交椅\木胎黑漆直后背双人交椅.chf
家具
0
63
椅梗云矮背扶手椅
Models\Home\物品\椅梗云矮背扶手椅\椅梗云矮背扶手椅.mox
Models\Home\物品\椅梗云矮背扶手椅\椅梗云矮背扶手椅.chf
家具
0
64
紫檀四面平罗锅枨马蹄足大长方凳
Models\Home\物品\紫檀四面平罗锅枨马蹄足大长方凳\紫檀四面平罗锅枨马蹄足大长方凳.mox
Models\Home\物品\紫檀四面平罗锅枨马蹄足大长方凳\紫檀四面平罗锅枨马蹄足大长方凳.chf
家具
0
65
紫檀无束腰管脚枨方凳
Models\Home\物品\紫檀无束腰管脚枨方凳\紫檀无束腰管脚枨方凳.mox
Models\Home\物品\紫檀无束腰管脚枨方凳\紫檀无束腰管脚枨方凳.chf
家具
0
66
紫檀五开光鼓墩
Models\Home\物品\紫檀五开光鼓墩\紫檀五开光鼓墩.mox
Models\Home\物品\紫檀五开光鼓墩\紫檀五开光鼓墩.chf
家具
0
67
紫檀五屏式扶手椅
Models\Home\物品\紫檀五屏式扶手椅\紫檀五屏式扶手椅.mox
Models\Home\物品\紫檀五屏式扶手椅\紫檀五屏式扶手椅.chf
家具
0
68
紫檀直棂式坐墩
Models\Home\物品\紫檀直棂式坐墩\紫檀直棂式坐墩.mox
Models\Home\物品\紫檀直棂式坐墩\紫檀直棂式坐墩.chf
家具
0
69
红木带抽屉平方小书案
Models\Home\物品\红木带抽屉平方小书案\红木带抽屉平方小书案.mox
Models\Home\物品\红木带抽屉平方小书案\红木带抽屉平方小书案.chf
家具
0
70
红木绳壁档茶几
Models\Home\物品\红木绳壁档茶几\红木绳壁档茶几.mox
Models\Home\物品\红木绳壁档茶几\红木绳壁档茶几.chf
家具
0
71
鸡翅木夹头榫大画案
Models\Home\物品\鸡翅木夹头榫大画案\鸡翅木夹头榫大画案.mox
Models\Home\物品\鸡翅木夹头榫大画案\鸡翅木夹头榫大画案.chf
家具
0
72
民间门户桌
Models\Home\物品\民间门户桌\民间门户桌.mox
Models\Home\物品\民间门户桌\民间门户桌.chf
家具
0
73
鸡翅木床
Models\Home\物品\鸡翅木床\鸡翅木床.mox
Models\Home\物品\鸡翅木床\鸡翅木床.chf
家具
0
74
木雕
Models\Home\物品\木雕\木雕.mox
Models\Home\物品\木雕\木雕.chf
家具
0
75
石雕
Models\Home\物品\石雕\石雕.mox
Models\Home\物品\石雕\石雕.chf
家具
0
76
火盆
Models\Home\物品\火盆\火盆.mox
Models\Home\物品\火盆\火盆.chf
家具
0
77
大理石亭子
Models\Home\物品\大理石亭子\大理石亭子.mox
Models\Home\物品\大理石亭子\大理石亭子.chf
家具
0
78
剑台
Models\Home\物品\剑台\剑台.mox
Models\Home\物品\剑台\剑台.chf
家具
0
79
恐龙雕塑
Models\Home\物品\恐龙雕塑\恐龙雕塑.mox
Models\Home\物品\恐龙雕塑\恐龙雕塑.chf
家具
0
80
飞蛇雕塑
Models\Home\物品\飞蛇雕塑\飞蛇雕塑.mox
Models\Home\物品\飞蛇雕塑\飞蛇雕塑.chf
家具
0
81
石凳
Models\Home\物品\石凳\石凳.mox
Models\Home\物品\石凳\石凳.chf
家具
0
82
人族房屋二级
Models\Home\建筑\人族房屋二级\人族房屋二级.mox
Models\Home\建筑\人族房屋二级\人族房屋二级.chf
房屋
0
83
人族房屋三级
Models\Home\建筑\人族房屋三级\人族房屋三级.mox
Models\Home\建筑\人族房屋三级\人族房屋三级.chf
房屋
0
84
人族房屋四级
Models\Home\建筑\人族房屋四级\人族房屋四级.mox
Models\Home\建筑\人族房屋四级\人族房屋四级.chf
房屋
0
85
人族房屋五级
Models\Home\建筑\人族房屋五级\人族房屋五级.mox
Models\Home\建筑\人族房屋五级\人族房屋五级.chf
房屋
0
86
人族房屋一级
Models\Home\建筑\人族房屋一级\人族房屋一级.mox
Models\Home\建筑\人族房屋一级\人族房屋一级.chf
房屋
0
87
兽族房屋二级
Models\Home\建筑\兽族房屋二级\兽族房屋二级.mox
Models\Home\建筑\兽族房屋二级\兽族房屋二级.chf
房屋
0
88
兽族房屋三级
Models\Home\建筑\兽族房屋三级\兽族房屋三级.mox
Models\Home\建筑\兽族房屋三级\兽族房屋三级.chf
房屋
0
89
兽族房屋四级
Models\Home\建筑\兽族房屋四级\兽族房屋四级.mox
Models\Home\建筑\兽族房屋四级\兽族房屋四级.chf
房屋
0
90
兽族房屋五级
Models\Home\建筑\兽族房屋五级\兽族房屋五级.mox
Models\Home\建筑\兽族房屋五级\兽族房屋五级.chf
房屋
0
91
兽族房屋一级
Models\Home\建筑\兽族房屋一级\兽族房屋一级.mox
Models\Home\建筑\兽族房屋一级\兽族房屋一级.chf
房屋
0
92
羽族房屋二级
Models\Home\建筑\羽族房屋二级\羽族房屋二级.mox
Models\Home\建筑\羽族房屋二级\羽族房屋二级.chf
房屋
0
93
羽族房屋三级
Models\Home\建筑\羽族房屋三级\羽族房屋三级.mox
Models\Home\建筑\羽族房屋三级\羽族房屋三级.chf
房屋
0
94
羽族房屋四级
Models\Home\建筑\羽族房屋四级\羽族房屋四级.mox
Models\Home\建筑\羽族房屋四级\羽族房屋四级.chf
房屋
0
95
羽族房屋五级
Models\Home\建筑\羽族房屋五级\羽族房屋五级.mox
Models\Home\建筑\羽族房屋五级\羽族房屋五级.chf
房屋
0
96
羽族房屋一级
Models\Home\建筑\羽族房屋一级\羽族房屋一级.mox
Models\Home\建筑\羽族房屋一级\羽族房屋一级.chf
房屋
0
97
榉木独板素围屏榻
Models\Home\物品\榉木独板素围屏榻\榉木独板素围屏榻.mox
Models\Home\物品\榉木独板素围屏榻\榉木独板素围屏榻.chf
家具
0
98
红木鼓腿抛牙镶云石弥陀榻
Models\Home\物品\红木鼓腿抛牙镶云石弥陀榻\红木鼓腿抛牙镶云石弥陀榻.mox
Models\Home\物品\红木鼓腿抛牙镶云石弥陀榻\红木鼓腿抛牙镶云石弥陀榻.chf
家具
0
99
红木粉彩瓷面八仙桌
Models\Home\物品\红木粉彩瓷面八仙桌\红木粉彩瓷面八仙桌.mox
Models\Home\物品\红木粉彩瓷面八仙桌\红木粉彩瓷面八仙桌.chf
家具
0
100
红木方回纹插角楠木面供桌
Models\Home\物品\红木方回纹插角楠木面供桌\红木方回纹插角楠木面供桌.mox
Models\Home\物品\红木方回纹插角楠木面供桌\红木方回纹插角楠木面供桌.chf
家具
0
101
紫檀禅墩
Models\Home\物品\紫檀禅墩\紫檀禅墩.mox
Models\Home\物品\紫檀禅墩\紫檀禅墩.chf
家具
0