98
0
东北当归
Trees\精简树木\东北当归\ManchurianAngelicaTree.spt
Trees\精简树木\东北当归\ManchurianAngelica_Leaves.dds
2.000000
0
1
仙人柱
Trees\精简树木\仙人柱\Saguaro3.spt
Trees\精简树木\仙人柱\saguarroleaves.dds
2.000000
0
2
仙界树木
Trees\精简树木\仙界树木\xianshumu.spt
Trees\精简树木\仙界树木\xianleaves.dds
2.000000
0
3
像树
Trees\精简树木\仙界树木\像树\GhostGum1.spt
Trees\精简树木\仙界树木\像树\ghostleaves.dds
2.000000
0
4
印度榕
Trees\精简树木\仙界树木\印度榕\PagodaTree1.spt
Trees\精简树木\仙界树木\印度榕\pagodaleaves.dds
2.000000
0
5
外脖白树
Trees\精简树木\仙界树木\外脖白树\仙界树.spt
Trees\精简树木\仙界树木\外脖白树\xianjieleaves.dds
2.000000
0
6
橡胶树
Trees\精简树木\仙界树木\橡胶树\BlackGum.spt
Trees\精简树木\仙界树木\橡胶树\blackgumleaves.dds
2.000000
0
7
沙树
Trees\精简树木\仙界树木\沙树\Sassafras_RT_Fall.spt
Trees\精简树木\仙界树木\沙树\
2.000000
0
8
沙树
Trees\精简树木\仙界树木\沙树\Sassafras_RT_Fall2.spt
Trees\精简树木\仙界树木\沙树\
2.000000
0
9
英格兰像树
Trees\精简树木\仙界树木\英格兰像树\EnglishOak_RT.spt
Trees\精简树木\仙界树木\英格兰像树\
2.000000
0
10
长叶松
Trees\精简树木\仙界树木\长叶松\LongleafPine_RT.spt
Trees\精简树木\仙界树木\长叶松\pineleaves.dds
2.000000
0
11
长叶松
Trees\精简树木\仙界树木\长叶松\LongleafPine_RT2.spt
Trees\精简树木\仙界树木\长叶松\pineleaves.dds
2.000000
0
12
长松树
Trees\精简树木\仙界树木\长松树\DouglasFir.spt
Trees\精简树木\仙界树木\长松树\firleaves.dds
2.000000
0
13
长松树
Trees\精简树木\仙界树木\长松树\DouglasFir2.spt
Trees\精简树木\仙界树木\长松树\firleaves.dds
2.000000
0
14
俄国橄榄
Trees\精简树木\俄国橄榄\RussianOlive2.spt
Trees\精简树木\俄国橄榄\oliveleaves.dds
2.000000
0
15
修改绿色英国像树
Trees\精简树木\修改绿色英国像树\ColumnarEnglishGreen1.spt
Trees\精简树木\修改绿色英国像树\greenleaves.dds
2.000000
0
16
大像树
Trees\精简树木\大像树\ColumnarBig5.spt
Trees\精简树木\大像树\Compositeleaves.dds
2.000000
0
17
绿色像树2
Trees\精简树木\大像树\绿色像树2\ColumnarBig9.spt
Trees\精简树木\大像树\绿色像树2\greenleaves.dds
2.000000
0
18
绿色大像树
Trees\精简树木\大像树\绿色大像树\ColumnarBig6.spt
Trees\精简树木\大像树\绿色大像树\
2.000000
0
19
绿色大像树
Trees\精简树木\大像树\绿色大像树\ColumnarBig7.spt
Trees\精简树木\大像树\绿色大像树\
2.000000
0
20
大槐树
Trees\精简树木\大槐树\huai1.spt
Trees\精简树木\大槐树\
2.000000
0
21
大槐树
Trees\精简树木\大槐树\huai3.spt
Trees\精简树木\大槐树\
2.000000
0
22
巨大毛榉
Trees\精简树木\巨大毛榉\Beech7.spt
Trees\精简树木\巨大毛榉\Beechleaves.dds
2.000000
0
23
巨大毛榉
Trees\精简树木\巨大毛榉\Beech9.spt
Trees\精简树木\巨大毛榉\Beechleaves.dds
2.000000
0
24
带雪毛榉
Trees\精简树木\巨大毛榉\带雪毛榉\Beechsnow2.spt
Trees\精简树木\巨大毛榉\带雪毛榉\
2.100000
0
25
新毛榉
Trees\精简树木\巨大毛榉\新毛榉\Beech7.spt
Trees\精简树木\巨大毛榉\新毛榉\beech7leaves.dds
2.000000
0
26
巨松
Trees\精简树木\巨松\SnowPineBig3.spt
Trees\精简树木\巨松\pinebigleaves.dds
2.000000
0
27
怪异松树
Trees\精简树木\怪异松树\ScotchPine_RT.spt
Trees\精简树木\怪异松树\scotchleaves.dds
2.000000
0
28
怪异松树
Trees\精简树木\怪异松树\ScotchPine_RT2.spt
Trees\精简树木\怪异松树\scotchleaves.dds
2.000000
0
29
杉树
Trees\精简树木\杉树\杉树2.spt
Trees\精简树木\杉树\shashuleaves.dds
2.000000
0
30
雪杉树
Trees\精简树木\杉树\雪杉树\雪杉树4.spt
Trees\精简树木\杉树\雪杉树\snowshanshuleaves.dds
2.000000
0
31
松树小
Trees\精简树木\松树小\OrientalSpruce.spt
Trees\精简树木\松树小\spruceleaves.dds
2.000000
0
32
松树小
Trees\精简树木\松树小\OrientalSpruce2.spt
Trees\精简树木\松树小\spruceleaves.dds
2.000000
0
33
松树小
Trees\精简树木\松树小\OrientalSpruce3.spt
Trees\精简树木\松树小\spruceleaves.dds
2.000000
0
34
枯树
Trees\精简树木\枯树\PlaneKushu.spt
Trees\精简树木\枯树\Kushuleaves.dds
2.000000
0
35
枯树
Trees\精简树木\枯树\PlaneKushu2.spt
Trees\精简树木\枯树\Kushuleaves.dds
2.000000
0
36
磨牙镇枯树
Trees\精简树木\枯树\磨牙镇枯树\PlaneKushuhigh2.spt
Trees\精简树木\枯树\磨牙镇枯树\planekushuleaves.dds
2.000000
0
37
磨牙镇枯树
Trees\精简树木\枯树\磨牙镇枯树\PlaneKushuhigh4.spt
Trees\精简树木\枯树\磨牙镇枯树\planekushuleaves.dds
2.000000
0
38
柳树
Trees\精简树木\柳树\WeepingWillow2.spt
Trees\精简树木\柳树\weepingleaves.dds
2.000000
0
39
桃树
Trees\精简树木\桃树\Taoshu4.spt
Trees\精简树木\桃树\taoshuleaves.dds
2.000000
0
40
桃树小
Trees\精简树木\桃树\桃树小\Taoshu3small.spt
Trees\精简树木\桃树\桃树小\taoshuleaves.dds
2.000000
0
41
桃树小
Trees\精简树木\桃树\桃树小\Taoshu3small3.spt
Trees\精简树木\桃树\桃树小\taoshuleaves.dds
2.000000
0
42
桑树
Trees\精简树木\桑树\LondonPlane_RT5.spt
Trees\精简树木\桑树\londonleaves.dds
2.000000
0
43
梨树
Trees\精简树木\梨树\梨树1.spt
Trees\精简树木\梨树\peartreeleaves.dds
2.000000
0
44
梨树
Trees\精简树木\梨树\梨树2.spt
Trees\精简树木\梨树\peartreeleaves.dds
2.000000
0
45
棕榈
Trees\精简树木\棕榈\Palm1.spt
Trees\精简树木\棕榈\palmleaves.dds
2.000000
0
46
棕榈
Trees\精简树木\棕榈\Palm4.spt
Trees\精简树木\棕榈\palmleaves.dds
2.000000
0
47
椰子树
Trees\精简树木\椰子树\Coconutyellow1.spt
Trees\精简树木\椰子树\coconutyellowleaves.dds
2.000000
0
48
椰子树
Trees\精简树木\椰子树\Coconutyellow4.spt
Trees\精简树木\椰子树\coconutyellowleaves.dds
2.000000
0
49
榕树
Trees\精简树木\榕树\Rong1.spt
Trees\精简树木\榕树\
2.000000
0
50
榕树
Trees\精简树木\榕树\Rong2.spt
Trees\精简树木\榕树\
2.000000
0
51
榕树
Trees\精简树木\榕树\Rong3.spt
Trees\精简树木\榕树\
2.000000
0
52
槐树
Trees\精简树木\槐树\huaishu_1.spt
Trees\精简树木\槐树\Leaves.dds
2.000000
0
53
槐树
Trees\精简树木\槐树\huaishu_2.spt
Trees\精简树木\槐树\Leaves.dds
2.000000
0
54
歪脖枯树
Trees\精简树木\歪脖枯树\waibo1.spt
Trees\精简树木\歪脖枯树\
2.000000
0
55
歪脖枯树
Trees\精简树木\歪脖枯树\waibo2.spt
Trees\精简树木\歪脖枯树\
2.000000
0
56
歪脖枯树
Trees\精简树木\歪脖枯树\waibo3.spt
Trees\精简树木\歪脖枯树\
2.000000
0
57
歪脖枯树
Trees\精简树木\歪脖枯树\waibo4.spt
Trees\精简树木\歪脖枯树\
2.000000
0
58
白杨
Trees\精简树木\白杨\Baiyang2.spt
Trees\精简树木\白杨\baiyangleaves.dds
2.000000
0
59
白树
Trees\精简树木\白树\AmurCork_RT_Low.spt
Trees\精简树木\白树\corkleaves.dds
2.000000
0
60
白树2
Trees\精简树木\白树\白树2\AmurCork_RT_Low2.spt
Trees\精简树木\白树\白树2\baishuleaves.dds
2.000000
0
61
竹林
Trees\精简树木\竹林\Bamboos1.spt
Trees\精简树木\竹林\
2.000000
0
62
竹林
Trees\精简树木\竹林\Bamboos2.spt
Trees\精简树木\竹林\
2.000000
0
63
竹林
Trees\精简树木\竹林\Bamboos3.spt
Trees\精简树木\竹林\
2.000000
0
64
竹林
Trees\精简树木\竹林\Bamboos4.spt
Trees\精简树木\竹林\
2.000000
0
65
糖梧桐
Trees\精简树木\糖梧桐\SugarMaple.spt
Trees\精简树木\糖梧桐\Leaves.dds
2.000000
0
66
糖梧桐
Trees\精简树木\糖梧桐\SugarMaple2.spt
Trees\精简树木\糖梧桐\Leaves.dds
2.000000
0
67
红松
Trees\精简树木\红松\GiantSequoia.spt
Trees\精简树木\红松\sequoialeaves.dds
2.000000
0
68
带雪红松
Trees\精简树木\红松\带雪红松\GiantSequoiasnow2.spt
Trees\精简树木\红松\带雪红松\snowgiantleaves.dds
2.000000
0
69
英国像树
Trees\精简树木\英国像树\ColumnarEnglishOak3.spt
Trees\精简树木\英国像树\englishleaves.dds
2.000000
0
70
草原的树
Trees\精简树木\草原的树\Gimlet.spt
Trees\精简树木\草原的树\Gimletleaves.dds
2.000000
0
71
草原的树
Trees\精简树木\草原的树\Gimlet2.spt
Trees\精简树木\草原的树\Gimletleaves.dds
2.000000
0
72
菩提树
Trees\精简树木\菩提树\putishu1.spt
Trees\精简树木\菩提树\putileaves.dds
2.000000
0
73
菩提树
Trees\精简树木\菩提树\putishu3.spt
Trees\精简树木\菩提树\putileaves.dds
2.000000
0
74
雨林像树
Trees\精简树木\雨林树木\雨林像树\yulinSycamore.spt
Trees\精简树木\雨林树木\雨林像树\
2.000000
0
75
雨林像树垂钓
Trees\精简树木\雨林树木\雨林像树垂钓\xiangshu1.spt
Trees\精简树木\雨林树木\雨林像树垂钓\xiangshuleaves.dds
2.000000
0
76
雨林像树垂钓
Trees\精简树木\雨林树木\雨林像树垂钓\xiangshu2.spt
Trees\精简树木\雨林树木\雨林像树垂钓\xiangshuleaves.dds
2.000000
0
77
雨林树1
Trees\精简树木\雨林树木\雨林树1\Sycamore.spt
Trees\精简树木\雨林树木\雨林树1\sycamoreleaves.dds
2.000000
0
78
雨林树1
Trees\精简树木\雨林树木\雨林树1\Sycamore2.spt
Trees\精简树木\雨林树木\雨林树1\sycamoreleaves.dds
2.000000
0
79
雨林灌木
Trees\精简树木\雨林树木\雨林灌木\guanmu1.spt
Trees\精简树木\雨林树木\雨林灌木\guanmuleaves.dds
2.000000
0
80
雨林灌木
Trees\精简树木\雨林树木\雨林灌木\guanmu3.spt
Trees\精简树木\雨林树木\雨林灌木\guanmuleaves.dds
2.000000
0
81
雪松
Trees\精简树木\雪松\SnowPineWithSnow1.spt
Trees\精简树木\雪松\snowleaves.dds
2.000000
0
82
面包树
Trees\精简树木\面包树\Baobab6.spt
Trees\精简树木\面包树\
2.000000
0
83
面包树
Trees\精简树木\面包树\Baobab8.spt
Trees\精简树木\面包树\
2.000000
0
84
面包树2
Trees\精简树木\面包树\面包树2\Baobab1.spt
Trees\精简树木\面包树\面包树2\BababLeaves.dds
2.000000
0
85
魔界树木
Trees\精简树木\魔界树木\xiangshu5.spt
Trees\精简树木\魔界树木\
2.000000
0
86
红魔界树木1
Trees\精简树木\魔界树木\红魔界树木1\hongxiangshu5.spt
Trees\精简树木\魔界树木\红魔界树木1\xiangshugaoleaves.dds
2.000000
0
87
红魔界树木1
Trees\精简树木\魔界树木\红魔界树木1\hongxiangshugao.spt
Trees\精简树木\魔界树木\红魔界树木1\xiangshugaoleaves.dds
2.000000
0
88
红魔界树木2
Trees\精简树木\魔界树木\红魔界树木2\Gimlesoul.spt
Trees\精简树木\魔界树木\红魔界树木2\gimlesoulleaves.dds
2.000000
0
89
魔界树木1
Trees\精简树木\魔界树木\魔界树木1\xiangshu5.spt
Trees\精简树木\魔界树木\魔界树木1\xiangshugaoleaves.dds
2.000000
0
90
魔界树木1
Trees\精简树木\魔界树木\魔界树木1\xiangshugao.spt
Trees\精简树木\魔界树木\魔界树木1\xiangshugaoleaves.dds
2.000000
0
91
魔界树木2
Trees\精简树木\魔界树木\魔界树木2\Gimlesoul.spt
Trees\精简树木\魔界树木\魔界树木2\gimlesoulleaves.dds
2.000000
0
92
鹅卵石像树大
Trees\精简树木\鹅卵石像树大\ShingleOak4.spt
Trees\精简树木\鹅卵石像树大\
2.000000
0
93
鹅卵石象树
Trees\精简树木\鹅卵石像树大\鹅卵石象树\Shingleoak.spt
Trees\精简树木\鹅卵石像树大\鹅卵石象树\Shingleoak_leaves.dds
2.000000
0
94
鹅卵石象树
Trees\精简树木\鹅卵石像树大\鹅卵石象树\Shingleoak2.spt
Trees\精简树木\鹅卵石像树大\鹅卵石象树\Shingleoak_leaves.dds
2.000000
0
95
鹅卵石象树
Trees\精简树木\鹅卵石像树大\鹅卵石象树\Shingleoak3.spt
Trees\精简树木\鹅卵石像树大\鹅卵石象树\Shingleoak_leaves.dds
2.000000
0
96
鹅卵石象树
Trees\精简树木\鹅卵石像树大\鹅卵石象树\Shingleoak4.spt
Trees\精简树木\鹅卵石像树大\鹅卵石象树\Shingleoak_leaves.dds
2.000000
0
97
鹅卵石象树
Trees\精简树木\鹅卵石像树大\鹅卵石象树\ShingleOak_Kushu.spt
Trees\精简树木\鹅卵石像树大\鹅卵石象树\Shingleoak_leaves.dds
2.000000
0
